2026-08-17 20:27:44,568 | INFO | =================================================================
2026-08-17 20:27:44,568 | INFO |   ARGUS  |  Script 13_05  |  Ablation Study
2026-08-17 20:27:44,568 | INFO | =================================================================
2026-08-17 20:27:44,578 | INFO |   Device: mps
2026-08-17 20:27:44,578 | INFO | 
  Synthetic graph dataset: /Users/isaokurosawa/SWIFT/data/locator/hinet_graph_v2.pt
2026-08-17 20:27:44,719 | INFO |   Synth: train=8000  val=1000  test=1000
2026-08-17 20:27:44,719 | INFO |   node_dim=22  edge_dim=4
2026-08-17 20:27:44,719 | INFO | 
  K-NET cache: /Users/isaokurosawa/SWIFT/data/knet_processed/knet_parsed.pt
2026-08-17 20:27:45,617 | INFO |   K-NET test: 104 events
2026-08-17 20:27:45,618 | INFO | 
=======================================================
2026-08-17 20:27:45,618 | INFO |   Condition 1/4: Full ARGUS (baseline)
2026-08-17 20:27:45,618 | INFO | =======================================================
2026-08-17 20:27:49,403 | INFO | 
  [Full ARGUS] Training: 40ep  Train:8000  Val:1000
2026-08-17 20:29:11,532 | INFO |   [Full ARGUS] ep  1  tr=-1.3831  val=-1.5591
2026-08-17 20:41:31,202 | INFO |   [Full ARGUS] ep 10  tr=-2.5813  val=-2.7891
2026-08-17 20:55:18,120 | INFO |   [Full ARGUS] ep 20  tr=-2.8186  val=-2.6362
2026-08-17 21:02:15,320 | INFO |   [Full ARGUS] Early stop ep25
2026-08-17 21:02:15,570 | INFO |   Full ARGUS: horiz=100.96km  depth=10.12km
2026-08-17 21:02:15,570 | INFO | 
=======================================================
2026-08-17 21:02:15,570 | INFO |   Condition 2/4: No GATv2 (MLP locator)
2026-08-17 21:02:15,570 | INFO | =======================================================
2026-08-17 21:02:15,574 | INFO | 
  [No GATv2] Training: 40ep  Train:8000  Val:1000
2026-08-17 21:02:47,415 | INFO |   [No GATv2] ep  1  tr=-1.4973  val=-1.7838
2026-08-17 21:07:39,118 | INFO |   [No GATv2] ep 10  tr=-1.8504  val=-1.8938
2026-08-17 21:12:31,339 | INFO |   [No GATv2] ep 20  tr=-1.8925  val=-1.9510
2026-08-17 21:17:21,582 | INFO |   [No GATv2] ep 30  tr=-1.9208  val=-1.9508
2026-08-17 21:22:10,504 | INFO |   [No GATv2] ep 40  tr=-1.9308  val=-1.9633
2026-08-17 21:22:10,609 | INFO |   No GATv2: horiz=222.53km  depth=7.19km
2026-08-17 21:22:10,609 | INFO | 
=======================================================
2026-08-17 21:22:10,610 | INFO |   Condition 3/4: No S-P Features
2026-08-17 21:22:10,610 | INFO | =======================================================
2026-08-17 21:22:10,646 | INFO | 
  [No S-P] Training: 40ep  Train:8000  Val:1000
2026-08-17 21:23:35,915 | INFO |   [No S-P] ep  1  tr=-1.2757  val=-1.8878
2026-08-17 21:36:04,923 | INFO |   [No S-P] ep 10  tr=-2.3241  val=-2.3741
2026-08-17 21:49:43,127 | INFO |   [No S-P] ep 20  tr=-2.6834  val=-2.6712
2026-08-17 22:03:23,364 | INFO |   [No S-P] ep 30  tr=-2.8606  val=-2.7931
2026-08-17 22:17:23,572 | INFO |   [No S-P] ep 40  tr=-2.9102  val=-2.7321
2026-08-17 22:17:23,829 | INFO |   No S-P: horiz=71.84km  depth=16.61km
2026-08-17 22:17:23,830 | INFO | 
=======================================================
2026-08-17 22:17:23,830 | INFO |   Condition 4/4: No Wave Encoder
2026-08-17 22:17:23,830 | INFO | =======================================================
2026-08-17 22:17:23,865 | INFO | 
  [No WaveEnc] Training: 40ep  Train:8000  Val:1000
2026-08-17 22:18:48,414 | INFO |   [No WaveEnc] ep  1  tr=-1.4395  val=-2.1204
2026-08-17 22:31:25,133 | INFO |   [No WaveEnc] ep 10  tr=-2.5951  val=-2.7511
2026-08-17 22:45:16,150 | INFO |   [No WaveEnc] ep 20  tr=-2.8224  val=-2.6576
2026-08-17 22:54:40,275 | INFO |   [No WaveEnc] Early stop ep27
2026-08-17 22:54:40,513 | INFO |   No WaveEnc: horiz=54.75km  depth=10.91km
2026-08-17 22:54:40,513 | INFO | 
  ══ Ablation Study Results ════════════════════════
2026-08-17 22:54:40,513 | INFO |   Condition           Horiz(km)  Depth(km)    Δ Horiz    Latency
2026-08-17 22:54:40,513 | INFO |   ------------------------------------------------------------
2026-08-17 22:54:40,513 | INFO |   Full ARGUS             100.96      10.12    +0.00km       1.8ms
2026-08-17 22:54:40,513 | INFO |   No GATv2               222.53       7.19  +121.57km       0.6ms
2026-08-17 22:54:40,513 | INFO |   No S-P                  71.84      16.61   -29.11km       1.9ms
2026-08-17 22:54:40,513 | INFO |   No WaveEnc              54.75      10.91   -46.21km       1.8ms
2026-08-17 22:54:41,161 | INFO |   PDF: /Users/isaokurosawa/SWIFT/PDF/13_05_ablation_study.pdf
2026-08-17 22:54:41,161 | INFO | =================================================================
2026-08-17 22:54:41,161 | INFO |   Script 13_05 complete.
2026-08-17 22:54:41,161 | INFO |   PDF: /Users/isaokurosawa/SWIFT/PDF/13_05_ablation_study.pdf
2026-08-17 22:54:41,161 | INFO | =================================================================
